[2025-08-13 16:01:52][お知らせ] ウォッチャー再開：停止フラグをクリア
[2025-08-13 16:01:52][お知らせ] ウォッチャー開始：run_batch_watcher を呼び出し
[2025-08-13 16:01:53][お知らせ] 集計を開始しました — 年月: 2024-10
[2025-08-13 16:01:53][注意] 読込エラー — 値: 営業部_株式会社Forneeds_2024年10月_着払・転送: 空のシートです
[2025-08-13 16:01:55][注意] 列検出エラー — 値: C:\Users\8963948\Desktop\帳簿アップロード\営業部_株式会社Forneeds_2024年10月.xlsx: 金額列が見つかりません
[2025-08-13 16:01:55][お知らせ] 月次の抽出が完了しました — レコード件数: 1,972
[2025-08-13 16:01:55][注意] 読込エラー — 値: 営業部_株式会社Forneeds_2024年10月_着払・転送: 空のシートです
[2025-08-13 16:01:57][注意] 列検出エラー — 値: C:\Users\8963948\Desktop\帳簿アップロード\processed\営業部\営業部_株式会社Forneeds_2024年10月.xlsx: 金額列が見つかりません
[2025-08-13 16:01:58][お知らせ] 年次の抽出が完了しました — レコード件数: 2,098
[2025-08-13 16:01:58][お知らせ] 集計が完了しました — 年月: 2024-10
[2025-08-13 16:01:59][お知らせ] 集計を開始しました — 年月: 2025-01
[2025-08-13 16:02:01][お知らせ] 月次の抽出が完了しました — レコード件数: 2,196
[2025-08-13 16:02:03][お知らせ] 年次の抽出が完了しました — レコード件数: 2,311
[2025-08-13 16:02:04][お知らせ] 集計が完了しました — 年月: 2025-01
[2025-08-13 16:04:35][お知らせ] 集計を開始しました — 年月: 2025-07
[2025-08-13 16:04:35][お知らせ] 月次の抽出が完了しました — レコード件数: 115
[2025-08-13 16:04:39][お知らせ] 年次の抽出が完了しました — レコード件数: 4,507
[2025-08-13 16:04:40][お知らせ] 集計が完了しました — 年月: 2025-07
[2025-08-13 16:30:27][お知らせ] ウォッチャー再開：停止フラグをクリア
[2025-08-13 16:30:27][お知らせ] ウォッチャー開始：run_batch_watcher を呼び出し
